// Jest Snapshot v1, https://goo.gl/fbAQLP

exports[`SpendingsTable renders correctly 1`] = `
<div
  className="MuiPaper-root MuiPaper-elevation MuiPaper-rounded MuiPaper-elevation1 MuiTableContainer-root css-11xur9t-MuiPaper-root-MuiTableContainer-root"
>
  <table
    aria-label="table of spendings"
    className="MuiTable-root css-rqglhn-MuiTable-root"
    role={null}
  >
    <tbody
      className="MuiTableBody-root css-apqrd9-MuiTableBody-root"
      role={null}
    >
      <tr
        className="MuiTableRow-root css-1q1u3t4-MuiTableRow-root"
        role={null}
      >
        <td
          aria-sort={null}
          className="MuiTableCell-root MuiTableCell-body MuiTableCell-sizeMedium css-1ex1afd-MuiTableCell-root"
        >
          <svg
            aria-hidden={true}
            className="MuiSvgIcon-root MuiSvgIcon-colorPrimary MuiSvgIcon-fontSizeLarge css-bsqp9w-MuiSvgIcon-root"
            data-testid="PaidIcon"
            focusable="false"
            viewBox="0 0 24 24"
          >
            <path
              d="M12 2C6.48 2 2 6.48 2 12s4.48 10 10 10 10-4.48 10-10S17.52 2 12 2zm.88 15.76V19h-1.75v-1.29c-.74-.18-2.39-.77-3.02-2.96l1.65-.67c.06.22.58 2.09 2.4 2.09.93 0 1.98-.48 1.98-1.61 0-.96-.7-1.46-2.28-2.03-1.1-.39-3.35-1.03-3.35-3.31 0-.1.01-2.4 2.62-2.96V5h1.75v1.24c1.84.32 2.51 1.79 2.66 2.23l-1.58.67c-.11-.35-.59-1.34-1.9-1.34-.7 0-1.81.37-1.81 1.39 0 .95.86 1.31 2.64 1.9 2.4.83 3.01 2.05 3.01 3.45 0 2.63-2.5 3.13-3.02 3.22z"
            />
          </svg>
        </td>
        <td
          aria-sort={null}
          className="MuiTableCell-root MuiTableCell-body MuiTableCell-sizeMedium css-1ex1afd-MuiTableCell-root"
        >
          <div
            className="MuiBox-root css-0"
          >
            <h6
              className="MuiTypography-root MuiTypography-h6 css-2ulfj5-MuiTypography-root"
            >
              orange
            </h6>
            <span
              className="MuiTypography-root MuiTypography-caption css-1sn4lm3-MuiTypography-root"
            >
              11:31 AM - December 16, 2023
            </span>
          </div>
        </td>
        <td
          aria-sort={null}
          className="MuiTableCell-root MuiTableCell-body MuiTableCell-sizeMedium css-1ex1afd-MuiTableCell-root"
        >
          HUF 3
        </td>
        <td
          aria-sort={null}
          className="MuiTableCell-root MuiTableCell-body MuiTableCell-sizeMedium css-1ex1afd-MuiTableCell-root"
        >
          <button
            className="MuiButtonBase-root MuiButton-root MuiButton-contained MuiButton-containedInherit MuiButton-sizeMedium MuiButton-containedSizeMedium MuiButton-colorInherit Mui-disabled MuiButton-root MuiButton-contained MuiButton-containedInherit MuiButton-sizeMedium MuiButton-containedSizeMedium MuiButton-colorInherit css-6per30-MuiButtonBase-root-MuiButton-root"
            disabled={true}
            onBlur={[Function]}
            onContextMenu={[Function]}
            onDragLeave={[Function]}
            onFocus={[Function]}
            onKeyDown={[Function]}
            onKeyUp={[Function]}
            onMouseDown={[Function]}
            onMouseLeave={[Function]}
            onMouseUp={[Function]}
            onTouchEnd={[Function]}
            onTouchMove={[Function]}
            onTouchStart={[Function]}
            tabIndex={-1}
            type="button"
          >
            <svg
              aria-hidden={true}
              className="MuiSvgIcon-root MuiSvgIcon-fontSizeSmall css-1p2xeaz-MuiSvgIcon-root"
              data-testid="BorderColorIcon"
              focusable="false"
              viewBox="0 0 24 24"
            >
              <path
                d="M22 24H2v-4h20v4zM13.06 5.19l3.75 3.75L7.75 18H4v-3.75l9.06-9.06zm4.82 2.68-3.75-3.75 1.83-1.83c.39-.39 1.02-.39 1.41 0l2.34 2.34c.39.39.39 1.02 0 1.41l-1.83 1.83z"
              />
            </svg>
          </button>
          <button
            className="MuiButtonBase-root MuiButton-root MuiButton-contained MuiButton-containedInherit MuiButton-sizeMedium MuiButton-containedSizeMedium MuiButton-colorInherit Mui-disabled MuiButton-root MuiButton-contained MuiButton-containedInherit MuiButton-sizeMedium MuiButton-containedSizeMedium MuiButton-colorInherit css-66venc-MuiButtonBase-root-MuiButton-root"
            disabled={true}
            onBlur={[Function]}
            onContextMenu={[Function]}
            onDragLeave={[Function]}
            onFocus={[Function]}
            onKeyDown={[Function]}
            onKeyUp={[Function]}
            onMouseDown={[Function]}
            onMouseLeave={[Function]}
            onMouseUp={[Function]}
            onTouchEnd={[Function]}
            onTouchMove={[Function]}
            onTouchStart={[Function]}
            tabIndex={-1}
            type="button"
          >
            <svg
              aria-hidden={true}
              className="MuiSvgIcon-root MuiSvgIcon-fontSizeSmall css-1p2xeaz-MuiSvgIcon-root"
              data-testid="CloseIcon"
              focusable="false"
              viewBox="0 0 24 24"
            >
              <path
                d="M19 6.41 17.59 5 12 10.59 6.41 5 5 6.41 10.59 12 5 17.59 6.41 19 12 13.41 17.59 19 19 17.59 13.41 12z"
              />
            </svg>
          </button>
        </td>
      </tr>
      <tr
        className="MuiTableRow-root css-1q1u3t4-MuiTableRow-root"
        role={null}
      >
        <td
          aria-sort={null}
          className="MuiTableCell-root MuiTableCell-body MuiTableCell-sizeMedium css-1ex1afd-MuiTableCell-root"
        >
          <svg
            aria-hidden={true}
            className="MuiSvgIcon-root MuiSvgIcon-colorPrimary MuiSvgIcon-fontSizeLarge css-bsqp9w-MuiSvgIcon-root"
            data-testid="PaidIcon"
            focusable="false"
            viewBox="0 0 24 24"
          >
            <path
              d="M12 2C6.48 2 2 6.48 2 12s4.48 10 10 10 10-4.48 10-10S17.52 2 12 2zm.88 15.76V19h-1.75v-1.29c-.74-.18-2.39-.77-3.02-2.96l1.65-.67c.06.22.58 2.09 2.4 2.09.93 0 1.98-.48 1.98-1.61 0-.96-.7-1.46-2.28-2.03-1.1-.39-3.35-1.03-3.35-3.31 0-.1.01-2.4 2.62-2.96V5h1.75v1.24c1.84.32 2.51 1.79 2.66 2.23l-1.58.67c-.11-.35-.59-1.34-1.9-1.34-.7 0-1.81.37-1.81 1.39 0 .95.86 1.31 2.64 1.9 2.4.83 3.01 2.05 3.01 3.45 0 2.63-2.5 3.13-3.02 3.22z"
            />
          </svg>
        </td>
        <td
          aria-sort={null}
          className="MuiTableCell-root MuiTableCell-body MuiTableCell-sizeMedium css-1ex1afd-MuiTableCell-root"
        >
          <div
            className="MuiBox-root css-0"
          >
            <h6
              className="MuiTypography-root MuiTypography-h6 css-2ulfj5-MuiTypography-root"
            >
              apple
            </h6>
            <span
              className="MuiTypography-root MuiTypography-caption css-1sn4lm3-MuiTypography-root"
            >
              11:32 AM - December 16, 2023
            </span>
          </div>
        </td>
        <td
          aria-sort={null}
          className="MuiTableCell-root MuiTableCell-body MuiTableCell-sizeMedium css-1ex1afd-MuiTableCell-root"
        >
          HUF 300
        </td>
        <td
          aria-sort={null}
          className="MuiTableCell-root MuiTableCell-body MuiTableCell-sizeMedium css-1ex1afd-MuiTableCell-root"
        >
          <button
            className="MuiButtonBase-root MuiButton-root MuiButton-contained MuiButton-containedInherit MuiButton-sizeMedium MuiButton-containedSizeMedium MuiButton-colorInherit Mui-disabled MuiButton-root MuiButton-contained MuiButton-containedInherit MuiButton-sizeMedium MuiButton-containedSizeMedium MuiButton-colorInherit css-6per30-MuiButtonBase-root-MuiButton-root"
            disabled={true}
            onBlur={[Function]}
            onContextMenu={[Function]}
            onDragLeave={[Function]}
            onFocus={[Function]}
            onKeyDown={[Function]}
            onKeyUp={[Function]}
            onMouseDown={[Function]}
            onMouseLeave={[Function]}
            onMouseUp={[Function]}
            onTouchEnd={[Function]}
            onTouchMove={[Function]}
            onTouchStart={[Function]}
            tabIndex={-1}
            type="button"
          >
            <svg
              aria-hidden={true}
              className="MuiSvgIcon-root MuiSvgIcon-fontSizeSmall css-1p2xeaz-MuiSvgIcon-root"
              data-testid="BorderColorIcon"
              focusable="false"
              viewBox="0 0 24 24"
            >
              <path
                d="M22 24H2v-4h20v4zM13.06 5.19l3.75 3.75L7.75 18H4v-3.75l9.06-9.06zm4.82 2.68-3.75-3.75 1.83-1.83c.39-.39 1.02-.39 1.41 0l2.34 2.34c.39.39.39 1.02 0 1.41l-1.83 1.83z"
              />
            </svg>
          </button>
          <button
            className="MuiButtonBase-root MuiButton-root MuiButton-contained MuiButton-containedInherit MuiButton-sizeMedium MuiButton-containedSizeMedium MuiButton-colorInherit Mui-disabled MuiButton-root MuiButton-contained MuiButton-containedInherit MuiButton-sizeMedium MuiButton-containedSizeMedium MuiButton-colorInherit css-66venc-MuiButtonBase-root-MuiButton-root"
            disabled={true}
            onBlur={[Function]}
            onContextMenu={[Function]}
            onDragLeave={[Function]}
            onFocus={[Function]}
            onKeyDown={[Function]}
            onKeyUp={[Function]}
            onMouseDown={[Function]}
            onMouseLeave={[Function]}
            onMouseUp={[Function]}
            onTouchEnd={[Function]}
            onTouchMove={[Function]}
            onTouchStart={[Function]}
            tabIndex={-1}
            type="button"
          >
            <svg
              aria-hidden={true}
              className="MuiSvgIcon-root MuiSvgIcon-fontSizeSmall css-1p2xeaz-MuiSvgIcon-root"
              data-testid="CloseIcon"
              focusable="false"
              viewBox="0 0 24 24"
            >
              <path
                d="M19 6.41 17.59 5 12 10.59 6.41 5 5 6.41 10.59 12 5 17.59 6.41 19 12 13.41 17.59 19 19 17.59 13.41 12z"
              />
            </svg>
          </button>
        </td>
      </tr>
    </tbody>
  </table>
</div>
`;
